Added Component: Designator=BQ1(ABM3-25.000MHz)
Added Component: Designator=C1(C0603)
Added Component: Designator=C2(C0603)
Added Component: Designator=C3(C0603)
Added Component: Designator=C4(C0603)
Added Component: Designator=C5(C0603)
Added Component: Designator=C6(C0603)
Added Component: Designator=C7(C0603)
Added Component: Designator=C8(C0603)
Added Component: Designator=C9(C0603)
Added Component: Designator=C10(C0603)
Added Component: Designator=C11(C0603)
Added Component: Designator=C12(C0603)
Added Component: Designator=C13(C0603)
Added Component: Designator=C14(C0603)
Added Component: Designator=C15(C0603)
Added Component: Designator=C16(C0603)
Added Component: Designator=C17(C0603)
Added Component: Designator=DA1(SOT95P280x145-5N)
Added Component: Designator=DD1(QFN50P700X700X60-49N-D)
Added Component: Designator=DD2(SOT95P280x145-6N)
Added Component: Designator=DD3(SOT95P280x145-6N)
Added Component: Designator=DD4(SOT95P280x145-6N)
Added Component: Designator=HL1(LED0603)
Added Component: Designator=R1(Res0603)
Added Component: Designator=R2(Res0603)
Added Component: Designator=R3(Res0603)
Added Component: Designator=R4(Res0603)
Added Component: Designator=R5(Res0603)
Added Component: Designator=R6(Res0603)
Added Component: Designator=R7(Res0603)
Added Component: Designator=R8(Res0603)
Added Component: Designator=R9(Res0603)
Added Component: Designator=R10(Res0603)
Added Component: Designator=R11(Res0603)
Added Component: Designator=R12(Res0603)
Added Component: Designator=R13(Res0603)
Added Component: Designator=R14(Res0603)
Added Component: Designator=R15(Res0603)
Added Component: Designator=R16(Res0603)
Added Component: Designator=SB1(SKRPABE010)
Added Component: Designator=SB2(SKRPABE010)
Added Component: Designator=VD1(SM5819PL-TP (SOD123))
Added Component: Designator=VD2(SM5819PL-TP (SOD123))
Added Component: Designator=VT1(SOT95P230x110-3N)
Added Component: Designator=VT2(SOT95P230x110-3N)
Added Component: Designator=VT3(SOT95P230x110-3N)
Added Component: Designator=VT4(SOT95P237x112-3N)
Added Component: Designator=VT5(SOT95P237x112-3N)
Added Component: Designator=VT6(SOT95P237x112-3N)
Added Component: Designator=VT7(8-DFN (5x6))
Added Component: Designator=VT8(8-DFN (5x6))
Added Component: Designator=XP1(PLS-1)
Added Component: Designator=XP2(PLS-1)
Added Component: Designator=XP3(XT60PW-M)
Added Component: Designator=XP4(PLS-1)
Added Component: Designator=XP5(PLD-6)
Added Component: Designator=XP6(ID25P33E4GV00LF)
Added Component: Designator=XS1(GCT_USB4105-GF-A)
Added Component: Designator=Ñ1(TAJR105K025RNJ)
Added Pin To Net: NetName=3.3V Pin=C4-2
Added Pin To Net: NetName=3.3V Pin=C5-2
Added Pin To Net: NetName=3.3V Pin=C7-2
Added Pin To Net: NetName=3.3V Pin=C8-2
Added Pin To Net: NetName=3.3V Pin=C9-2
Added Pin To Net: NetName=3.3V Pin=C10-2
Added Pin To Net: NetName=3.3V Pin=C12-2
Added Pin To Net: NetName=3.3V Pin=C13-1
Added Pin To Net: NetName=3.3V Pin=C14-1
Added Pin To Net: NetName=3.3V Pin=C15-1
Added Pin To Net: NetName=3.3V Pin=C16-1
Added Pin To Net: NetName=3.3V Pin=C17-1
Added Pin To Net: NetName=3.3V Pin=DA1-5
Added Pin To Net: NetName=3.3V Pin=DD1-1
Added Pin To Net: NetName=3.3V Pin=DD1-20
Added Pin To Net: NetName=3.3V Pin=DD1-21
Added Pin To Net: NetName=3.3V Pin=DD1-23
Added Pin To Net: NetName=3.3V Pin=DD1-35
Added Pin To Net: NetName=3.3V Pin=DD1-48
Added Pin To Net: NetName=3.3V Pin=DD2-5
Added Pin To Net: NetName=3.3V Pin=DD3-5
Added Pin To Net: NetName=3.3V Pin=DD4-5
Added Pin To Net: NetName=3.3V Pin=R14-2
Added Pin To Net: NetName=3.3V Pin=R15-2
Added Pin To Net: NetName=3.3V Pin=R16-2
Added Pin To Net: NetName=3.3V Pin=SB2-1
Added Pin To Net: NetName=3.3V Pin=SB2-2
Added Pin To Net: NetName=3.3V Pin=XP5-1
Added Pin To Net: NetName=3.3V Pin=XP6-10
Added Pin To Net: NetName=3.3V Pin=XP6-12
Added Net: Name=3.3V
Added Pin To Net: NetName=12V Pin=C6-2
Added Pin To Net: NetName=12V Pin=DA1-1
Added Pin To Net: NetName=12V Pin=DA1-3
Added Pin To Net: NetName=12V Pin=R8-2
Added Pin To Net: NetName=12V Pin=R9-2
Added Pin To Net: NetName=12V Pin=R10-2
Added Pin To Net: NetName=12V Pin=VD1-1
Added Pin To Net: NetName=12V Pin=VD2-1
Added Pin To Net: NetName=12V Pin=VT4-2
Added Pin To Net: NetName=12V Pin=VT5-2
Added Pin To Net: NetName=12V Pin=VT6-2
Added Pin To Net: NetName=12V Pin=XP3-1
Added Pin To Net: NetName=12V Pin=XP6-6
Added Pin To Net: NetName=12V Pin=XP6-8
Added Pin To Net: NetName=12V Pin=Ñ1-1
Added Net: Name=12V
Added Pin To Net: NetName=BOOT Pin=DD1-46
Added Pin To Net: NetName=BOOT Pin=R2-2
Added Pin To Net: NetName=BOOT Pin=SB2-3
Added Pin To Net: NetName=BOOT Pin=SB2-4
Added Net: Name=BOOT
Added Pin To Net: NetName=ElClapDrain Pin=DD1-27
Added Pin To Net: NetName=ElClapDrain Pin=DD3-3
Added Net: Name=ElClapDrain
Added Pin To Net: NetName=ElClapFuel Pin=DD1-28
Added Pin To Net: NetName=ElClapFuel Pin=DD3-1
Added Net: Name=ElClapFuel
Added Pin To Net: NetName=Fueling On/Off Pin=DD1-45
Added Pin To Net: NetName=Fueling On/Off Pin=DD2-6
Added Net: Name=Fueling On/Off
Added Pin To Net: NetName=FullCentralTankLed Pin=R11-1
Added Pin To Net: NetName=FullCentralTankLed Pin=XP6-2
Added Net: Name=FullCentralTankLed
Added Pin To Net: NetName=FullCentralTank Pin=DD1-8
Added Pin To Net: NetName=FullCentralTank Pin=R5-2
Added Pin To Net: NetName=FullCentralTank Pin=VT1-1
Added Net: Name=FullCentralTank
Added Pin To Net: NetName=FullLeftTankLed Pin=R13-1
Added Pin To Net: NetName=FullLeftTankLed Pin=XP6-4
Added Net: Name=FullLeftTankLed
Added Pin To Net: NetName=FullLeftTank Pin=DD1-12
Added Pin To Net: NetName=FullLeftTank Pin=R7-2
Added Pin To Net: NetName=FullLeftTank Pin=VT3-1
Added Net: Name=FullLeftTank
Added Pin To Net: NetName=FullRightTankLed Pin=R12-1
Added Pin To Net: NetName=FullRightTankLed Pin=XP6-3
Added Net: Name=FullRightTankLed
Added Pin To Net: NetName=FullRightTank Pin=DD1-9
Added Pin To Net: NetName=FullRightTank Pin=R6-2
Added Pin To Net: NetName=FullRightTank Pin=VT2-1
Added Net: Name=FullRightTank
Added Pin To Net: NetName=GND Pin=C1-2
Added Pin To Net: NetName=GND Pin=C2-2
Added Pin To Net: NetName=GND Pin=C3-1
Added Pin To Net: NetName=GND Pin=C4-1
Added Pin To Net: NetName=GND Pin=C5-1
Added Pin To Net: NetName=GND Pin=C6-1
Added Pin To Net: NetName=GND Pin=C7-1
Added Pin To Net: NetName=GND Pin=C8-1
Added Pin To Net: NetName=GND Pin=C9-1
Added Pin To Net: NetName=GND Pin=C10-1
Added Pin To Net: NetName=GND Pin=C11-1
Added Pin To Net: NetName=GND Pin=C12-1
Added Pin To Net: NetName=GND Pin=C13-2
Added Pin To Net: NetName=GND Pin=C14-2
Added Pin To Net: NetName=GND Pin=C15-2
Added Pin To Net: NetName=GND Pin=C16-2
Added Pin To Net: NetName=GND Pin=C17-2
Added Pin To Net: NetName=GND Pin=DA1-2
Added Pin To Net: NetName=GND Pin=DD1-49
Added Pin To Net: NetName=GND Pin=DD2-2
Added Pin To Net: NetName=GND Pin=DD3-2
Added Pin To Net: NetName=GND Pin=DD4-2
Added Pin To Net: NetName=GND Pin=R1-1
Added Pin To Net: NetName=GND Pin=R2-1
Added Pin To Net: NetName=GND Pin=R5-1
Added Pin To Net: NetName=GND Pin=R6-1
Added Pin To Net: NetName=GND Pin=R7-1
Added Pin To Net: NetName=GND Pin=SB1-1
Added Pin To Net: NetName=GND Pin=SB1-2
Added Pin To Net: NetName=GND Pin=VT1-2
Added Pin To Net: NetName=GND Pin=VT2-2
Added Pin To Net: NetName=GND Pin=VT3-2
Added Pin To Net: NetName=GND Pin=VT7-1
Added Pin To Net: NetName=GND Pin=VT7-2
Added Pin To Net: NetName=GND Pin=VT7-3
Added Pin To Net: NetName=GND Pin=VT8-1
Added Pin To Net: NetName=GND Pin=VT8-2
Added Pin To Net: NetName=GND Pin=VT8-3
Added Pin To Net: NetName=GND Pin=XP3-2
Added Pin To Net: NetName=GND Pin=XP4-1
Added Pin To Net: NetName=GND Pin=XP5-6
Added Pin To Net: NetName=GND Pin=XP6-23
Added Pin To Net: NetName=GND Pin=XP6-25
Added Pin To Net: NetName=GND Pin=XS1-A1_B12
Added Pin To Net: NetName=GND Pin=XS1-B1_A12
Added Pin To Net: NetName=GND Pin=XS1-SH1
Added Pin To Net: NetName=GND Pin=XS1-SH2
Added Pin To Net: NetName=GND Pin=XS1-SH3
Added Pin To Net: NetName=GND Pin=XS1-SH4
Added Pin To Net: NetName=GND Pin=Ñ1-2
Added Net: Name=GND
Added Pin To Net: NetName=LeftSensIn Pin=DD1-44
Added Pin To Net: NetName=LeftSensIn Pin=DD4-6
Added Net: Name=LeftSensIn
Added Pin To Net: NetName=LeftSensor Pin=DD4-1
Added Pin To Net: NetName=LeftSensor Pin=R15-1
Added Pin To Net: NetName=LeftSensor Pin=XP6-22
Added Net: Name=LeftSensor
Added Pin To Net: NetName=NetBQ1_1 Pin=BQ1-1
Added Pin To Net: NetName=NetBQ1_1 Pin=C1-1
Added Pin To Net: NetName=NetBQ1_1 Pin=DD1-6
Added Net: Name=NetBQ1_1
Added Pin To Net: NetName=NetBQ1_2 Pin=BQ1-2
Added Pin To Net: NetName=NetBQ1_2 Pin=C2-1
Added Pin To Net: NetName=NetBQ1_2 Pin=DD1-5
Added Net: Name=NetBQ1_2
Added Pin To Net: NetName=NetC3_2 Pin=C3-2
Added Pin To Net: NetName=NetC3_2 Pin=DD1-7
Added Pin To Net: NetName=NetC3_2 Pin=SB1-3
Added Pin To Net: NetName=NetC3_2 Pin=SB1-4
Added Pin To Net: NetName=NetC3_2 Pin=XP5-2
Added Net: Name=NetC3_2
Added Pin To Net: NetName=NetC11_2 Pin=C11-2
Added Pin To Net: NetName=NetC11_2 Pin=DA1-4
Added Net: Name=NetC11_2
Added Pin To Net: NetName=NetDD1_22 Pin=DD1-22
Added Pin To Net: NetName=NetDD1_22 Pin=HL1-2
Added Net: Name=NetDD1_22
Added Pin To Net: NetName=NetDD1_33 Pin=DD1-33
Added Pin To Net: NetName=NetDD1_33 Pin=R4-1
Added Net: Name=NetDD1_33
Added Pin To Net: NetName=NetDD1_34 Pin=DD1-34
Added Pin To Net: NetName=NetDD1_34 Pin=R3-1
Added Net: Name=NetDD1_34
Added Pin To Net: NetName=NetDD1_36 Pin=DD1-36
Added Pin To Net: NetName=NetDD1_36 Pin=XP5-4
Added Net: Name=NetDD1_36
Added Pin To Net: NetName=NetDD1_37 Pin=DD1-37
Added Pin To Net: NetName=NetDD1_37 Pin=XP5-3
Added Net: Name=NetDD1_37
Added Pin To Net: NetName=NetDD2_1 Pin=DD2-1
Added Pin To Net: NetName=NetDD2_1 Pin=R14-1
Added Pin To Net: NetName=NetDD2_1 Pin=XP6-1
Added Net: Name=NetDD2_1
Added Pin To Net: NetName=NetDD3_4 Pin=DD3-4
Added Pin To Net: NetName=NetDD3_4 Pin=VT8-4
Added Net: Name=NetDD3_4
Added Pin To Net: NetName=NetDD3_6 Pin=DD3-6
Added Pin To Net: NetName=NetDD3_6 Pin=VT7-4
Added Net: Name=NetDD3_6
Added Pin To Net: NetName=NetHL1_1 Pin=HL1-1
Added Pin To Net: NetName=NetHL1_1 Pin=R1-2
Added Net: Name=NetHL1_1
Added Pin To Net: NetName=NetR8_1 Pin=R8-1
Added Pin To Net: NetName=NetR8_1 Pin=VT1-3
Added Pin To Net: NetName=NetR8_1 Pin=VT4-1
Added Net: Name=NetR8_1
Added Pin To Net: NetName=NetR9_1 Pin=R9-1
Added Pin To Net: NetName=NetR9_1 Pin=VT2-3
Added Pin To Net: NetName=NetR9_1 Pin=VT5-1
Added Net: Name=NetR9_1
Added Pin To Net: NetName=NetR10_1 Pin=R10-1
Added Pin To Net: NetName=NetR10_1 Pin=VT3-3
Added Pin To Net: NetName=NetR10_1 Pin=VT6-1
Added Net: Name=NetR10_1
Added Pin To Net: NetName=NetR11_2 Pin=R11-2
Added Pin To Net: NetName=NetR11_2 Pin=VT4-3
Added Net: Name=NetR11_2
Added Pin To Net: NetName=NetR12_2 Pin=R12-2
Added Pin To Net: NetName=NetR12_2 Pin=VT5-3
Added Net: Name=NetR12_2
Added Pin To Net: NetName=NetR13_2 Pin=R13-2
Added Pin To Net: NetName=NetR13_2 Pin=VT6-3
Added Net: Name=NetR13_2
Added Pin To Net: NetName=NetVD1_2 Pin=VD1-2
Added Pin To Net: NetName=NetVD1_2 Pin=VT8-5
Added Pin To Net: NetName=NetVD1_2 Pin=VT8-6
Added Pin To Net: NetName=NetVD1_2 Pin=VT8-7
Added Pin To Net: NetName=NetVD1_2 Pin=VT8-8
Added Pin To Net: NetName=NetVD1_2 Pin=XP6-20
Added Net: Name=NetVD1_2
Added Pin To Net: NetName=NetVD2_2 Pin=VD2-2
Added Pin To Net: NetName=NetVD2_2 Pin=VT7-5
Added Pin To Net: NetName=NetVD2_2 Pin=VT7-6
Added Pin To Net: NetName=NetVD2_2 Pin=VT7-7
Added Pin To Net: NetName=NetVD2_2 Pin=VT7-8
Added Pin To Net: NetName=NetVD2_2 Pin=XP6-18
Added Net: Name=NetVD2_2
Added Pin To Net: NetName=RightSensIn Pin=DD1-43
Added Pin To Net: NetName=RightSensIn Pin=DD4-4
Added Net: Name=RightSensIn
Added Pin To Net: NetName=RightSensor Pin=DD4-3
Added Pin To Net: NetName=RightSensor Pin=R16-1
Added Pin To Net: NetName=RightSensor Pin=XP6-24
Added Net: Name=RightSensor
Added Pin To Net: NetName=UART RX Pin=DD1-32
Added Pin To Net: NetName=UART RX Pin=XP1-1
Added Net: Name=UART RX
Added Pin To Net: NetName=UART TX Pin=DD1-31
Added Pin To Net: NetName=UART TX Pin=XP2-1
Added Net: Name=UART TX
Added Pin To Net: NetName=USB DN Pin=R4-2
Added Pin To Net: NetName=USB DN Pin=XS1-A7
Added Pin To Net: NetName=USB DN Pin=XS1-B7
Added Net: Name=USB DN
Added Pin To Net: NetName=USB DP Pin=R3-2
Added Pin To Net: NetName=USB DP Pin=XS1-A6
Added Pin To Net: NetName=USB DP Pin=XS1-B6
Added Net: Name=USB DP
Added Class: Name=BSPZ
