Removed Pin From Net: NetName=12V Pin=C4-1
Removed Pin From Net: NetName=12V Pin=C7-2
Removed Pin From Net: NetName=12V Pin=C23-2
Removed Pin From Net: NetName=12V Pin=C24-2
Removed Pin From Net: NetName=12V Pin=DA1-1
Removed Pin From Net: NetName=12V Pin=DA1-3
Removed Pin From Net: NetName=12V Pin=DA2-8
Removed Pin From Net: NetName=12V Pin=DA3-8
Removed Pin From Net: NetName=12V Pin=R9-2
Removed Pin From Net: NetName=12V Pin=R10-2
Removed Pin From Net: NetName=12V Pin=R11-2
Removed Pin From Net: NetName=12V Pin=R12-2
Removed Pin From Net: NetName=12V Pin=VT5-2
Removed Pin From Net: NetName=12V Pin=VT6-2
Removed Pin From Net: NetName=12V Pin=VT7-2
Removed Pin From Net: NetName=12V Pin=VT8-2
Removed Pin From Net: NetName=UART RX Pin=XP1-1
Removed Pin From Net: NetName=UART TX Pin=XP3-1
Removed Pin From Net: NetName=GND Pin=XP4-1
Removed Pin From Net: NetName=ENG Fuel On/Off Pin=XP6-1
Removed Pin From Net: NetName=Fueling Pin=XP6-2
Removed Pin From Net: NetName=AUTO Pin=XP6-3
Removed Pin From Net: NetName=PumpLeftGreenLed Pin=XP6-4
Removed Pin From Net: NetName=PumpLeftRedLed Pin=XP6-5
Removed Pin From Net: NetName=PumpLeft+/- Pin=XP6-6
Removed Pin From Net: NetName=PumpLeft+/- Pin=XP6-7
Removed Pin From Net: NetName=PumpLeft+/- Pin=XP6-8
Removed Pin From Net: NetName=PumpRight+/- Pin=XP6-9
Removed Pin From Net: NetName=PumpRight+/- Pin=XP6-10
Removed Pin From Net: NetName=PumpRight+/- Pin=XP6-11
Removed Pin From Net: NetName=BKN3/1 Pin=XP6-13
Removed Pin From Net: NetName=DeFueling Pin=XP6-15
Removed Pin From Net: NetName=PumpRightGreenLed Pin=XP6-16
Removed Pin From Net: NetName=PumpRightRedLed Pin=XP6-17
Removed Pin From Net: NetName=PumpLeft-/+ Pin=XP6-18
Removed Pin From Net: NetName=PumpLeft-/+ Pin=XP6-19
Removed Pin From Net: NetName=PumpLeft-/+ Pin=XP6-20
Removed Pin From Net: NetName=PumpRight-/+ Pin=XP6-21
Removed Pin From Net: NetName=PumpRight-/+ Pin=XP6-22
Removed Pin From Net: NetName=PumpRight-/+ Pin=XP6-23
Removed Pin From Net: NetName=GND Pin=XS1-A1_B12
Removed Pin From Net: NetName=USB DP Pin=XS1-A6
Removed Pin From Net: NetName=USB DN Pin=XS1-A7
Removed Pin From Net: NetName=GND Pin=XS1-B1_A12
Removed Pin From Net: NetName=USB DP Pin=XS1-B6
Removed Pin From Net: NetName=USB DN Pin=XS1-B7
Removed Pin From Net: NetName=GND Pin=XS1-SH1
Removed Pin From Net: NetName=GND Pin=XS1-SH2
Removed Pin From Net: NetName=GND Pin=XS1-SH3
Removed Pin From Net: NetName=GND Pin=XS1-SH4
Removed Member From Class: ClassName=BKN-3 Member=XP5
Removed Member From Class: ClassName=BKN-3 Member=XP6
Change Component Footprint: Designator=XS1 Old Footprint=GCT_USB4105-GF-A New Footprint=AMPHENOL_LD09S33E4GV00LF (9pin receptacle)
Change Component Footprint: Designator=XP4 Old Footprint=PLS-1 New Footprint=D15P33E4GV00LF (Amphenol)
Change Component Footprint: Designator=XP3 Old Footprint=PLS-1 New Footprint=MR30PW-M
Change Component Comment : Designator=DD2 Old Comment=Buffer New Comment=SN74LVC2G17DBVR
Change Component Comment : Designator=DD3 Old Comment=Buffer New Comment=SN74LVC2G17DBVR
Change Component Comment : Designator=DD4 Old Comment=Buffer New Comment=SN74LVC2G17DBVR
Change Component Comment : Designator=DD5 Old Comment=Buffer New Comment=SN74LVC2G17DBVR
Change Component Comment : Designator=DD6 Old Comment=Buffer New Comment=SN74LVC2G17DBVR
Change Component Comment : Designator=DD7 Old Comment=Buffer New Comment=SN74LVC2G17DBVR
Change Component Comment : Designator=DD8 Old Comment=Buffer New Comment=SN74LVC2G17DBVR
Change Component Comment : Designator=VT1 Old Comment=NFET New Comment=IRLML6244TRPBF
Change Component Comment : Designator=VT2 Old Comment=NFET New Comment=IRLML6244TRPBF
Change Component Comment : Designator=VT3 Old Comment=NFET New Comment=IRLML6244TRPBF
Change Component Comment : Designator=VT4 Old Comment=NFET New Comment=IRLML6244TRPBF
Change Component Comment : Designator=VT9 Old Comment=NFET New Comment=IRLML6244TRPBF
Change Component Comment : Designator=VT10 Old Comment=NFET New Comment=IRLML6244TRPBF
Change Component Comment : Designator=VT19 Old Comment=NFET New Comment=IRLML6244TRPBF
Change Component Comment : Designator=VT20 Old Comment=NFET New Comment=IRLML6244TRPBF
Change Component Comment : Designator=VT5 Old Comment=PFET New Comment=IRLML2244TRPBF
Change Component Comment : Designator=VT6 Old Comment=PFET New Comment=IRLML2244TRPBF
Change Component Comment : Designator=VT7 Old Comment=PFET New Comment=IRLML2244TRPBF
Change Component Comment : Designator=VT8 Old Comment=PFET New Comment=IRLML2244TRPBF
Change Component Comment : Designator=XP4 Old Comment=PLS-1 New Comment=D15P33E4GV00LF
Change Component Comment : Designator=XP3 Old Comment=PLS-1 New Comment=MR30PW-M
Change Component Comment : Designator=XS1 Old Comment=USB4105-GF-A New Comment=AMPHENOL_LD09S33E4GV00LF (DB9 ThrHole Right Receptacle )
Change Component Designator: OldDesignator=C5 NewDesignator=C6
Change Component Designator: OldDesignator=C6 NewDesignator=C7
Change Component Designator: OldDesignator=C7 NewDesignator=C8
Change Component Designator: OldDesignator=C8 NewDesignator=C10
Change Component Designator: OldDesignator=C9 NewDesignator=C11
Change Component Designator: OldDesignator=C10 NewDesignator=C12
Change Component Designator: OldDesignator=C11 NewDesignator=C13
Change Component Designator: OldDesignator=C12 NewDesignator=C14
Change Component Designator: OldDesignator=C13 NewDesignator=C15
Change Component Designator: OldDesignator=C14 NewDesignator=C16
Change Component Designator: OldDesignator=C15 NewDesignator=C17
Change Component Designator: OldDesignator=C16 NewDesignator=C18
Change Component Designator: OldDesignator=C17 NewDesignator=C20
Change Component Designator: OldDesignator=C18 NewDesignator=C19
Change Component Designator: OldDesignator=C19 NewDesignator=C21
Change Component Designator: OldDesignator=C20 NewDesignator=C22
Change Component Designator: OldDesignator=C21 NewDesignator=C23
Change Component Designator: OldDesignator=C22 NewDesignator=C24
Change Component Designator: OldDesignator=C23 NewDesignator=C25
Change Component Designator: OldDesignator=C24 NewDesignator=C26
Change Component Designator: OldDesignator=C25 NewDesignator=C27
Change Component Designator: OldDesignator=C26 NewDesignator=C28
Change Component Designator: OldDesignator=R41 NewDesignator=R44
Change Component Designator: OldDesignator=R42 NewDesignator=R41
Change Component Designator: OldDesignator=R43 NewDesignator=R42
Change Component Designator: OldDesignator=R44 NewDesignator=R43
Change Component Designator: OldDesignator=VD1 NewDesignator=VD3
Change Component Designator: OldDesignator=VD2 NewDesignator=VD4
Change Component Designator: OldDesignator=VD3 NewDesignator=VD5
Change Component Designator: OldDesignator=VD4 NewDesignator=VD6
Change Component Designator: OldDesignator=VD5 NewDesignator=VD7
Change Component Designator: OldDesignator=VD6 NewDesignator=VD8
Change Component Designator: OldDesignator=VD7 NewDesignator=VD9
Change Component Designator: OldDesignator=VD8 NewDesignator=VD10
Change Component Designator: OldDesignator=XP2 NewDesignator=XP1
Change Component Designator: OldDesignator=XP5 NewDesignator=XP2
Added Component: Designator=C5(TAJR105K025RNJ)
Added Component: Designator=C9(C0603)
Added Component: Designator=VD1(1N4007)
Added Component: Designator=VD2(1N4007)
Added Component: Designator=XS2(MR30PW-FB)
Added Pin To Net: NetName=12V Pin=C5-1
Added Pin To Net: NetName=GND Pin=C5-2
Added Pin To Net: NetName=GND Pin=C9-1
Added Pin To Net: NetName=12V Pin=C9-2
Added Pin To Net: NetName=PumpLeft+/- Pin=XP3-1
Added Pin To Net: NetName=PumpLeft-/+ Pin=XP3-2
Added Pin To Net: NetName=GND Pin=XP3-3
Added Pin To Net: NetName=PumpLeftRedLed Pin=XP4-2
Added Pin To Net: NetName=PumpLeftGreenLed Pin=XP4-3
Added Pin To Net: NetName=Fueling Pin=XP4-6
Added Pin To Net: NetName=DeFueling Pin=XP4-7
Added Pin To Net: NetName=ENG Fuel On/Off Pin=XP4-8
Added Pin To Net: NetName=GND Pin=XP4-9
Added Pin To Net: NetName=PumpRightRedLed Pin=XP4-10
Added Pin To Net: NetName=PumpRightGreenLed Pin=XP4-11
Added Pin To Net: NetName=BKN3/1 Pin=XP4-14
Added Pin To Net: NetName=GND Pin=XP4-15
Added Pin To Net: NetName=UART RX Pin=XS1-1
Added Pin To Net: NetName=UART TX Pin=XS1-2
Added Pin To Net: NetName=GND Pin=XS1-3
Added Pin To Net: NetName=BOOT Pin=XS1-4
Added Pin To Net: NetName=USB DP Pin=XS1-5
Added Pin To Net: NetName=USB DN Pin=XS1-6
Added Pin To Net: NetName=GND Pin=XS1-9
Added Pin To Net: NetName=PumpRight+/- Pin=XS2-1
Added Pin To Net: NetName=PumpRight-/+ Pin=XS2-2
Added Pin To Net: NetName=GND Pin=XS2-3
Change Net Name : Old Net Name=12V New Net Name=12V PWR
Change Net Name : Old Net Name=NetC12_2 New Net Name=NetC14_2
Change Net Name : Old Net Name=NetC25_1 New Net Name=NetC27_1
Change Net Name : Old Net Name=NetC25_2 New Net Name=NetC27_2
Change Net Name : Old Net Name=NetC26_1 New Net Name=NetC28_1
Change Net Name : Old Net Name=NetC26_2 New Net Name=NetC28_2
Change Net Name : Old Net Name=NetR41_1 New Net Name=NetR44_1
Added Pin To Net: NetName=12V Pin=C25-2
Added Pin To Net: NetName=12V Pin=C26-2
Added Pin To Net: NetName=12V Pin=DA2-8
Added Pin To Net: NetName=12V Pin=DA3-8
Added Pin To Net: NetName=12V Pin=VD1-2
Added Pin To Net: NetName=12V Pin=XP4-1
Added Net: Name=12V
Added Pin To Net: NetName=NetVD2_2 Pin=VD2-2
Added Pin To Net: NetName=NetVD2_2 Pin=XS1-8
Added Net: Name=NetVD2_2
Added Pin To Net: NetName=Vcc Pin=C4-1
Added Pin To Net: NetName=Vcc Pin=C8-2
Added Pin To Net: NetName=Vcc Pin=DA1-1
Added Pin To Net: NetName=Vcc Pin=DA1-3
Added Pin To Net: NetName=Vcc Pin=R9-2
Added Pin To Net: NetName=Vcc Pin=R10-2
Added Pin To Net: NetName=Vcc Pin=R11-2
Added Pin To Net: NetName=Vcc Pin=R12-2
Added Pin To Net: NetName=Vcc Pin=VD1-1
Added Pin To Net: NetName=Vcc Pin=VD2-1
Added Pin To Net: NetName=Vcc Pin=VT5-2
Added Pin To Net: NetName=Vcc Pin=VT6-2
Added Pin To Net: NetName=Vcc Pin=VT7-2
Added Pin To Net: NetName=Vcc Pin=VT8-2
Added Net: Name=Vcc
Added Member To Class: ClassName=BKN-3 Member=Component C27 0603-0.47uF-50V
Added Member To Class: ClassName=BKN-3 Member=Component C28 0603-0.47uF-50V
Added Member To Class: ClassName=BKN-3 Member=Component VD9 SM5819PL-TP
Added Member To Class: ClassName=BKN-3 Member=Component VD10 SM5819PL-TP
Added Member To Class: ClassName=BKN-3 Member=Component XS2 MR30PW-FB
Change Room Name: Old Name=RoomDefinition_2 New Name=BKN-3
Change Room Scope: Old Scope=InComponentClass('Room Definition 3') New Scope=InComponentClass('BKN-3')
