Added Component: Designator=BQ1(ABM3-25.000MHz)
Added Component: Designator=C1(C0603)
Added Component: Designator=C2(C0603)
Added Component: Designator=C3(C0603)
Added Component: Designator=C4(TAJR105K025RNJ)
Added Component: Designator=C5(C0603)
Added Component: Designator=C6(C0603)
Added Component: Designator=C7(C0603)
Added Component: Designator=C8(C0603)
Added Component: Designator=C9(C0603)
Added Component: Designator=C10(C0603)
Added Component: Designator=C11(C0603)
Added Component: Designator=C12(C0603)
Added Component: Designator=C13(C0603)
Added Component: Designator=C14(C0603)
Added Component: Designator=C15(C0603)
Added Component: Designator=C16(C0603)
Added Component: Designator=C17(C0603)
Added Component: Designator=C18(C0603)
Added Component: Designator=C19(C0603)
Added Component: Designator=C20(C0603)
Added Component: Designator=C21(C0603)
Added Component: Designator=C22(C0603)
Added Component: Designator=C23(C0603)
Added Component: Designator=C24(C0603)
Added Component: Designator=C25(C0603)
Added Component: Designator=C26(C0603)
Added Component: Designator=DA1(SOT95P280x145-5N)
Added Component: Designator=DA2(INA226AIDGSR)
Added Component: Designator=DA3(INA226AIDGSR)
Added Component: Designator=DD1(QFN50P700X700X60-49N-D)
Added Component: Designator=DD2(SOT95P280x145-6N)
Added Component: Designator=DD3(SOT95P280x145-6N)
Added Component: Designator=DD4(SOT95P280x145-6N)
Added Component: Designator=DD5(SOT95P280x145-6N)
Added Component: Designator=DD6(SOT95P280x145-6N)
Added Component: Designator=DD7(SOT95P280x145-6N)
Added Component: Designator=DD8(SOT95P280x145-6N)
Added Component: Designator=HL1(LED0603)
Added Component: Designator=R1(Res0603)
Added Component: Designator=R2(Res0603)
Added Component: Designator=R3(Res0603)
Added Component: Designator=R4(Res0603)
Added Component: Designator=R5(Res0603)
Added Component: Designator=R6(Res0603)
Added Component: Designator=R7(Res0603)
Added Component: Designator=R8(Res0603)
Added Component: Designator=R9(Res0603)
Added Component: Designator=R10(Res0603)
Added Component: Designator=R11(Res0603)
Added Component: Designator=R12(Res0603)
Added Component: Designator=R13(Res0603)
Added Component: Designator=R14(Res0603)
Added Component: Designator=R15(Res0603)
Added Component: Designator=R16(Res0603)
Added Component: Designator=R17(Res0603)
Added Component: Designator=R18(Res0603)
Added Component: Designator=R19(Res0603)
Added Component: Designator=R20(Res0603)
Added Component: Designator=R21(Res0603)
Added Component: Designator=R22(Res0603)
Added Component: Designator=R23(Res0603)
Added Component: Designator=R24(Res0603)
Added Component: Designator=R25(Res0603)
Added Component: Designator=R26(Res0603)
Added Component: Designator=R27(Res0603)
Added Component: Designator=R28(Res0603)
Added Component: Designator=R29(Res0603)
Added Component: Designator=R30(Res0603)
Added Component: Designator=R31(Res0603)
Added Component: Designator=R32(Res0603)
Added Component: Designator=R33(Res0603)
Added Component: Designator=R34(Res0603)
Added Component: Designator=R35(Res0603)
Added Component: Designator=R36(Res0603)
Added Component: Designator=R37(Res0603)
Added Component: Designator=R38(Res2512)
Added Component: Designator=R39(Res2512)
Added Component: Designator=R40(Res0603)
Added Component: Designator=R41(Res0603)
Added Component: Designator=R42(Res0603)
Added Component: Designator=R43(Res0603)
Added Component: Designator=R44(Res0603)
Added Component: Designator=R45(Res0603)
Added Component: Designator=SB1(SKRPABE010)
Added Component: Designator=SB2(SKRPABE010)
Added Component: Designator=VD1(SM5819PL-TP (SOD123))
Added Component: Designator=VD2(SM5819PL-TP (SOD123))
Added Component: Designator=VD3(SM5819PL-TP (SOD123))
Added Component: Designator=VD4(SM5819PL-TP (SOD123))
Added Component: Designator=VD5(SM5819PL-TP (SOD123))
Added Component: Designator=VD6(SM5819PL-TP (SOD123))
Added Component: Designator=VD7(SM5819PL-TP (SOD123))
Added Component: Designator=VD8(SM5819PL-TP (SOD123))
Added Component: Designator=VT1(SOT95P230x110-3N)
Added Component: Designator=VT2(SOT95P230x110-3N)
Added Component: Designator=VT3(SOT95P230x110-3N)
Added Component: Designator=VT4(SOT95P230x110-3N)
Added Component: Designator=VT5(SOT95P237x112-3N)
Added Component: Designator=VT6(SOT95P237x112-3N)
Added Component: Designator=VT7(SOT95P237x112-3N)
Added Component: Designator=VT8(SOT95P237x112-3N)
Added Component: Designator=VT9(SOT95P230x110-3N)
Added Component: Designator=VT10(SOT95P230x110-3N)
Added Component: Designator=VT11(SOIC127P600x175-8N)
Added Component: Designator=VT12(8-DFN (5x6))
Added Component: Designator=VT13(SOIC127P600x175-8N)
Added Component: Designator=VT14(8-DFN (5x6))
Added Component: Designator=VT15(SOIC127P600x175-8N)
Added Component: Designator=VT16(8-DFN (5x6))
Added Component: Designator=VT17(SOIC127P600x175-8N)
Added Component: Designator=VT18(8-DFN (5x6))
Added Component: Designator=VT19(SOT95P230x110-3N)
Added Component: Designator=VT20(SOT95P230x110-3N)
Added Component: Designator=XP1(PLS-1)
Added Component: Designator=XP2(XT60PW-M)
Added Component: Designator=XP3(PLS-1)
Added Component: Designator=XP4(PLS-1)
Added Component: Designator=XP5(PLD-6)
Added Component: Designator=XP6(ID25P33E4GV00LF)
Added Component: Designator=XS1(GCT_USB4105-GF-A)
Added Pin To Net: NetName=3.3V Pin=C5-2
Added Pin To Net: NetName=3.3V Pin=C6-2
Added Pin To Net: NetName=3.3V Pin=C8-2
Added Pin To Net: NetName=3.3V Pin=C9-2
Added Pin To Net: NetName=3.3V Pin=C10-2
Added Pin To Net: NetName=3.3V Pin=C11-2
Added Pin To Net: NetName=3.3V Pin=C13-2
Added Pin To Net: NetName=3.3V Pin=C14-1
Added Pin To Net: NetName=3.3V Pin=C15-1
Added Pin To Net: NetName=3.3V Pin=C16-1
Added Pin To Net: NetName=3.3V Pin=C17-2
Added Pin To Net: NetName=3.3V Pin=C18-2
Added Pin To Net: NetName=3.3V Pin=C19-2
Added Pin To Net: NetName=3.3V Pin=C20-2
Added Pin To Net: NetName=3.3V Pin=C21-2
Added Pin To Net: NetName=3.3V Pin=C22-2
Added Pin To Net: NetName=3.3V Pin=DA1-5
Added Pin To Net: NetName=3.3V Pin=DA2-6
Added Pin To Net: NetName=3.3V Pin=DA3-6
Added Pin To Net: NetName=3.3V Pin=DD1-1
Added Pin To Net: NetName=3.3V Pin=DD1-20
Added Pin To Net: NetName=3.3V Pin=DD1-21
Added Pin To Net: NetName=3.3V Pin=DD1-23
Added Pin To Net: NetName=3.3V Pin=DD1-35
Added Pin To Net: NetName=3.3V Pin=DD1-48
Added Pin To Net: NetName=3.3V Pin=DD2-5
Added Pin To Net: NetName=3.3V Pin=DD3-5
Added Pin To Net: NetName=3.3V Pin=DD4-5
Added Pin To Net: NetName=3.3V Pin=DD5-5
Added Pin To Net: NetName=3.3V Pin=DD6-5
Added Pin To Net: NetName=3.3V Pin=DD7-5
Added Pin To Net: NetName=3.3V Pin=DD8-5
Added Pin To Net: NetName=3.3V Pin=R17-2
Added Pin To Net: NetName=3.3V Pin=R18-2
Added Pin To Net: NetName=3.3V Pin=R19-2
Added Pin To Net: NetName=3.3V Pin=R20-2
Added Pin To Net: NetName=3.3V Pin=R21-2
Added Pin To Net: NetName=3.3V Pin=R22-2
Added Pin To Net: NetName=3.3V Pin=R23-2
Added Pin To Net: NetName=3.3V Pin=R24-2
Added Pin To Net: NetName=3.3V Pin=R25-2
Added Pin To Net: NetName=3.3V Pin=R26-2
Added Pin To Net: NetName=3.3V Pin=R27-2
Added Pin To Net: NetName=3.3V Pin=SB2-1
Added Pin To Net: NetName=3.3V Pin=SB2-2
Added Pin To Net: NetName=3.3V Pin=XP5-1
Added Net: Name=3.3V
Added Pin To Net: NetName=12V Pin=C4-1
Added Pin To Net: NetName=12V Pin=C7-2
Added Pin To Net: NetName=12V Pin=C23-2
Added Pin To Net: NetName=12V Pin=C24-2
Added Pin To Net: NetName=12V Pin=DA1-1
Added Pin To Net: NetName=12V Pin=DA1-3
Added Pin To Net: NetName=12V Pin=DA2-8
Added Pin To Net: NetName=12V Pin=DA3-8
Added Pin To Net: NetName=12V Pin=R9-2
Added Pin To Net: NetName=12V Pin=R10-2
Added Pin To Net: NetName=12V Pin=R11-2
Added Pin To Net: NetName=12V Pin=R12-2
Added Pin To Net: NetName=12V Pin=R36-2
Added Pin To Net: NetName=12V Pin=R37-2
Added Pin To Net: NetName=12V Pin=R40-2
Added Pin To Net: NetName=12V Pin=R41-2
Added Pin To Net: NetName=12V Pin=VD2-1
Added Pin To Net: NetName=12V Pin=VD4-1
Added Pin To Net: NetName=12V Pin=VD5-1
Added Pin To Net: NetName=12V Pin=VD7-1
Added Pin To Net: NetName=12V Pin=VT5-2
Added Pin To Net: NetName=12V Pin=VT6-2
Added Pin To Net: NetName=12V Pin=VT7-2
Added Pin To Net: NetName=12V Pin=VT8-2
Added Pin To Net: NetName=12V Pin=VT11-1
Added Pin To Net: NetName=12V Pin=VT11-2
Added Pin To Net: NetName=12V Pin=VT11-3
Added Pin To Net: NetName=12V Pin=VT13-1
Added Pin To Net: NetName=12V Pin=VT13-2
Added Pin To Net: NetName=12V Pin=VT13-3
Added Pin To Net: NetName=12V Pin=VT15-1
Added Pin To Net: NetName=12V Pin=VT15-2
Added Pin To Net: NetName=12V Pin=VT15-3
Added Pin To Net: NetName=12V Pin=VT17-1
Added Pin To Net: NetName=12V Pin=VT17-2
Added Pin To Net: NetName=12V Pin=VT17-3
Added Pin To Net: NetName=12V Pin=XP2-1
Added Net: Name=12V
Added Pin To Net: NetName=AUTO Pin=DD3-1
Added Pin To Net: NetName=AUTO Pin=R19-1
Added Pin To Net: NetName=AUTO Pin=XP6-3
Added Net: Name=AUTO
Added Pin To Net: NetName=BKN3/1 Pin=DD4-1
Added Pin To Net: NetName=BKN3/1 Pin=R25-1
Added Pin To Net: NetName=BKN3/1 Pin=XP6-13
Added Net: Name=BKN3/1
Added Pin To Net: NetName=BOOT Pin=DD1-46
Added Pin To Net: NetName=BOOT Pin=R2-2
Added Pin To Net: NetName=BOOT Pin=SB2-3
Added Pin To Net: NetName=BOOT Pin=SB2-4
Added Net: Name=BOOT
Added Pin To Net: NetName=DeFueling Pin=DD3-3
Added Pin To Net: NetName=DeFueling Pin=R22-1
Added Pin To Net: NetName=DeFueling Pin=XP6-15
Added Net: Name=DeFueling
Added Pin To Net: NetName=ENG Fuel On/Off Pin=DD2-1
Added Pin To Net: NetName=ENG Fuel On/Off Pin=R17-1
Added Pin To Net: NetName=ENG Fuel On/Off Pin=XP6-1
Added Net: Name=ENG Fuel On/Off
Added Pin To Net: NetName=ForDownLeft Pin=DD5-4
Added Pin To Net: NetName=ForDownLeft Pin=R43-2
Added Pin To Net: NetName=ForDownLeft Pin=VT16-4
Added Net: Name=ForDownLeft
Added Pin To Net: NetName=ForDownRight Pin=DD7-4
Added Pin To Net: NetName=ForDownRight Pin=R45-2
Added Pin To Net: NetName=ForDownRight Pin=VT18-4
Added Net: Name=ForDownRight
Added Pin To Net: NetName=ForwardLeft Pin=DD1-28
Added Pin To Net: NetName=ForwardLeft Pin=DD5-1
Added Pin To Net: NetName=ForwardLeft Pin=DD5-3
Added Net: Name=ForwardLeft
Added Pin To Net: NetName=ForwardRight Pin=DD1-26
Added Pin To Net: NetName=ForwardRight Pin=DD7-1
Added Pin To Net: NetName=ForwardRight Pin=DD7-3
Added Net: Name=ForwardRight
Added Pin To Net: NetName=Fueling Pin=DD2-3
Added Pin To Net: NetName=Fueling Pin=R18-1
Added Pin To Net: NetName=Fueling Pin=XP6-2
Added Net: Name=Fueling
Added Pin To Net: NetName=GND Pin=C1-2
Added Pin To Net: NetName=GND Pin=C2-2
Added Pin To Net: NetName=GND Pin=C3-1
Added Pin To Net: NetName=GND Pin=C4-2
Added Pin To Net: NetName=GND Pin=C5-1
Added Pin To Net: NetName=GND Pin=C6-1
Added Pin To Net: NetName=GND Pin=C7-1
Added Pin To Net: NetName=GND Pin=C8-1
Added Pin To Net: NetName=GND Pin=C9-1
Added Pin To Net: NetName=GND Pin=C10-1
Added Pin To Net: NetName=GND Pin=C11-1
Added Pin To Net: NetName=GND Pin=C12-1
Added Pin To Net: NetName=GND Pin=C13-1
Added Pin To Net: NetName=GND Pin=C14-2
Added Pin To Net: NetName=GND Pin=C15-2
Added Pin To Net: NetName=GND Pin=C16-2
Added Pin To Net: NetName=GND Pin=C17-1
Added Pin To Net: NetName=GND Pin=C18-1
Added Pin To Net: NetName=GND Pin=C19-1
Added Pin To Net: NetName=GND Pin=C20-1
Added Pin To Net: NetName=GND Pin=C21-1
Added Pin To Net: NetName=GND Pin=C22-1
Added Pin To Net: NetName=GND Pin=C23-1
Added Pin To Net: NetName=GND Pin=C24-1
Added Pin To Net: NetName=GND Pin=DA1-2
Added Pin To Net: NetName=GND Pin=DA2-1
Added Pin To Net: NetName=GND Pin=DA2-2
Added Pin To Net: NetName=GND Pin=DA2-7
Added Pin To Net: NetName=GND Pin=DA3-1
Added Pin To Net: NetName=GND Pin=DA3-2
Added Pin To Net: NetName=GND Pin=DA3-7
Added Pin To Net: NetName=GND Pin=DD1-49
Added Pin To Net: NetName=GND Pin=DD2-2
Added Pin To Net: NetName=GND Pin=DD3-2
Added Pin To Net: NetName=GND Pin=DD4-2
Added Pin To Net: NetName=GND Pin=DD5-2
Added Pin To Net: NetName=GND Pin=DD6-2
Added Pin To Net: NetName=GND Pin=DD7-2
Added Pin To Net: NetName=GND Pin=DD8-2
Added Pin To Net: NetName=GND Pin=R1-1
Added Pin To Net: NetName=GND Pin=R2-1
Added Pin To Net: NetName=GND Pin=R5-1
Added Pin To Net: NetName=GND Pin=R6-1
Added Pin To Net: NetName=GND Pin=R7-1
Added Pin To Net: NetName=GND Pin=R8-1
Added Pin To Net: NetName=GND Pin=R28-1
Added Pin To Net: NetName=GND Pin=R29-1
Added Pin To Net: NetName=GND Pin=R31-1
Added Pin To Net: NetName=GND Pin=R32-1
Added Pin To Net: NetName=GND Pin=R33-1
Added Pin To Net: NetName=GND Pin=R35-1
Added Pin To Net: NetName=GND Pin=R38-1
Added Pin To Net: NetName=GND Pin=R39-1
Added Pin To Net: NetName=GND Pin=R42-1
Added Pin To Net: NetName=GND Pin=R43-1
Added Pin To Net: NetName=GND Pin=R44-1
Added Pin To Net: NetName=GND Pin=R45-1
Added Pin To Net: NetName=GND Pin=SB1-1
Added Pin To Net: NetName=GND Pin=SB1-2
Added Pin To Net: NetName=GND Pin=VT1-2
Added Pin To Net: NetName=GND Pin=VT2-2
Added Pin To Net: NetName=GND Pin=VT3-2
Added Pin To Net: NetName=GND Pin=VT4-2
Added Pin To Net: NetName=GND Pin=VT9-2
Added Pin To Net: NetName=GND Pin=VT10-2
Added Pin To Net: NetName=GND Pin=VT19-2
Added Pin To Net: NetName=GND Pin=VT20-2
Added Pin To Net: NetName=GND Pin=XP2-2
Added Pin To Net: NetName=GND Pin=XP4-1
Added Pin To Net: NetName=GND Pin=XP5-6
Added Pin To Net: NetName=GND Pin=XS1-A1_B12
Added Pin To Net: NetName=GND Pin=XS1-B1_A12
Added Pin To Net: NetName=GND Pin=XS1-SH1
Added Pin To Net: NetName=GND Pin=XS1-SH2
Added Pin To Net: NetName=GND Pin=XS1-SH3
Added Pin To Net: NetName=GND Pin=XS1-SH4
Added Net: Name=GND
Added Pin To Net: NetName=NetBQ1_1 Pin=BQ1-1
Added Pin To Net: NetName=NetBQ1_1 Pin=C1-1
Added Pin To Net: NetName=NetBQ1_1 Pin=DD1-6
Added Net: Name=NetBQ1_1
Added Pin To Net: NetName=NetBQ1_2 Pin=BQ1-2
Added Pin To Net: NetName=NetBQ1_2 Pin=C2-1
Added Pin To Net: NetName=NetBQ1_2 Pin=DD1-5
Added Net: Name=NetBQ1_2
Added Pin To Net: NetName=NetC3_2 Pin=C3-2
Added Pin To Net: NetName=NetC3_2 Pin=DD1-7
Added Pin To Net: NetName=NetC3_2 Pin=SB1-3
Added Pin To Net: NetName=NetC3_2 Pin=SB1-4
Added Pin To Net: NetName=NetC3_2 Pin=XP5-2
Added Net: Name=NetC3_2
Added Pin To Net: NetName=NetC12_2 Pin=C12-2
Added Pin To Net: NetName=NetC12_2 Pin=DA1-4
Added Net: Name=NetC12_2
Added Pin To Net: NetName=NetC25_1 Pin=C25-1
Added Pin To Net: NetName=NetC25_1 Pin=DA2-9
Added Pin To Net: NetName=NetC25_1 Pin=R31-2
Added Net: Name=NetC25_1
Added Pin To Net: NetName=NetC25_2 Pin=C25-2
Added Pin To Net: NetName=NetC25_2 Pin=DA2-10
Added Pin To Net: NetName=NetC25_2 Pin=R30-2
Added Net: Name=NetC25_2
Added Pin To Net: NetName=NetC26_1 Pin=C26-1
Added Pin To Net: NetName=NetC26_1 Pin=DA3-9
Added Pin To Net: NetName=NetC26_1 Pin=R35-2
Added Net: Name=NetC26_1
Added Pin To Net: NetName=NetC26_2 Pin=C26-2
Added Pin To Net: NetName=NetC26_2 Pin=DA3-10
Added Pin To Net: NetName=NetC26_2 Pin=R34-2
Added Net: Name=NetC26_2
Added Pin To Net: NetName=NetDA2_3 Pin=DA2-3
Added Pin To Net: NetName=NetDA2_3 Pin=R26-1
Added Net: Name=NetDA2_3
Added Pin To Net: NetName=NetDA3_3 Pin=DA3-3
Added Pin To Net: NetName=NetDA3_3 Pin=R27-1
Added Net: Name=NetDA3_3
Added Pin To Net: NetName=NetDD1_22 Pin=DD1-22
Added Pin To Net: NetName=NetDD1_22 Pin=HL1-2
Added Net: Name=NetDD1_22
Added Pin To Net: NetName=NetDD1_33 Pin=DD1-33
Added Pin To Net: NetName=NetDD1_33 Pin=R4-1
Added Net: Name=NetDD1_33
Added Pin To Net: NetName=NetDD1_34 Pin=DD1-34
Added Pin To Net: NetName=NetDD1_34 Pin=R3-1
Added Net: Name=NetDD1_34
Added Pin To Net: NetName=NetDD1_36 Pin=DD1-36
Added Pin To Net: NetName=NetDD1_36 Pin=XP5-4
Added Net: Name=NetDD1_36
Added Pin To Net: NetName=NetDD1_37 Pin=DD1-37
Added Pin To Net: NetName=NetDD1_37 Pin=XP5-3
Added Net: Name=NetDD1_37
Added Pin To Net: NetName=NetDD1_41 Pin=DD1-41
Added Pin To Net: NetName=NetDD1_41 Pin=DD4-6
Added Net: Name=NetDD1_41
Added Pin To Net: NetName=NetDD1_42 Pin=DD1-42
Added Pin To Net: NetName=NetDD1_42 Pin=DD3-4
Added Net: Name=NetDD1_42
Added Pin To Net: NetName=NetDD1_43 Pin=DD1-43
Added Pin To Net: NetName=NetDD1_43 Pin=DD3-6
Added Net: Name=NetDD1_43
Added Pin To Net: NetName=NetDD1_44 Pin=DD1-44
Added Pin To Net: NetName=NetDD1_44 Pin=DD2-4
Added Net: Name=NetDD1_44
Added Pin To Net: NetName=NetDD1_45 Pin=DD1-45
Added Pin To Net: NetName=NetDD1_45 Pin=DD2-6
Added Net: Name=NetDD1_45
Added Pin To Net: NetName=NetDD5_6 Pin=DD5-6
Added Pin To Net: NetName=NetDD5_6 Pin=R28-2
Added Pin To Net: NetName=NetDD5_6 Pin=VT9-1
Added Net: Name=NetDD5_6
Added Pin To Net: NetName=NetDD7_6 Pin=DD7-6
Added Pin To Net: NetName=NetDD7_6 Pin=R32-2
Added Pin To Net: NetName=NetDD7_6 Pin=VT10-1
Added Net: Name=NetDD7_6
Added Pin To Net: NetName=NetHL1_1 Pin=HL1-1
Added Pin To Net: NetName=NetHL1_1 Pin=R1-2
Added Net: Name=NetHL1_1
Added Pin To Net: NetName=NetR9_1 Pin=R9-1
Added Pin To Net: NetName=NetR9_1 Pin=VT1-3
Added Pin To Net: NetName=NetR9_1 Pin=VT5-1
Added Net: Name=NetR9_1
Added Pin To Net: NetName=NetR10_1 Pin=R10-1
Added Pin To Net: NetName=NetR10_1 Pin=VT2-3
Added Pin To Net: NetName=NetR10_1 Pin=VT6-1
Added Net: Name=NetR10_1
Added Pin To Net: NetName=NetR11_1 Pin=R11-1
Added Pin To Net: NetName=NetR11_1 Pin=VT3-3
Added Pin To Net: NetName=NetR11_1 Pin=VT7-1
Added Net: Name=NetR11_1
Added Pin To Net: NetName=NetR12_1 Pin=R12-1
Added Pin To Net: NetName=NetR12_1 Pin=VT4-3
Added Pin To Net: NetName=NetR12_1 Pin=VT8-1
Added Net: Name=NetR12_1
Added Pin To Net: NetName=NetR13_2 Pin=R13-2
Added Pin To Net: NetName=NetR13_2 Pin=VT5-3
Added Net: Name=NetR13_2
Added Pin To Net: NetName=NetR14_2 Pin=R14-2
Added Pin To Net: NetName=NetR14_2 Pin=VT6-3
Added Net: Name=NetR14_2
Added Pin To Net: NetName=NetR15_2 Pin=R15-2
Added Pin To Net: NetName=NetR15_2 Pin=VT7-3
Added Net: Name=NetR15_2
Added Pin To Net: NetName=NetR16_2 Pin=R16-2
Added Pin To Net: NetName=NetR16_2 Pin=VT8-3
Added Net: Name=NetR16_2
Added Pin To Net: NetName=NetR30_1 Pin=R30-1
Added Pin To Net: NetName=NetR30_1 Pin=R38-2
Added Pin To Net: NetName=NetR30_1 Pin=VD1-2
Added Pin To Net: NetName=NetR30_1 Pin=VD6-2
Added Pin To Net: NetName=NetR30_1 Pin=VT12-1
Added Pin To Net: NetName=NetR30_1 Pin=VT12-2
Added Pin To Net: NetName=NetR30_1 Pin=VT12-3
Added Pin To Net: NetName=NetR30_1 Pin=VT16-1
Added Pin To Net: NetName=NetR30_1 Pin=VT16-2
Added Pin To Net: NetName=NetR30_1 Pin=VT16-3
Added Net: Name=NetR30_1
Added Pin To Net: NetName=NetR36_1 Pin=R36-1
Added Pin To Net: NetName=NetR36_1 Pin=VT9-3
Added Pin To Net: NetName=NetR36_1 Pin=VT11-4
Added Net: Name=NetR36_1
Added Pin To Net: NetName=NetR37_1 Pin=R37-1
Added Pin To Net: NetName=NetR37_1 Pin=VT10-3
Added Pin To Net: NetName=NetR37_1 Pin=VT13-4
Added Net: Name=NetR37_1
Added Pin To Net: NetName=NetR40_1 Pin=R40-1
Added Pin To Net: NetName=NetR40_1 Pin=VT15-4
Added Pin To Net: NetName=NetR40_1 Pin=VT19-3
Added Net: Name=NetR40_1
Added Pin To Net: NetName=NetR41_1 Pin=R41-1
Added Pin To Net: NetName=NetR41_1 Pin=VT17-4
Added Pin To Net: NetName=NetR41_1 Pin=VT20-3
Added Net: Name=NetR41_1
Added Pin To Net: NetName=PumpLeft+/- Pin=VD1-1
Added Pin To Net: NetName=PumpLeft+/- Pin=VD2-2
Added Pin To Net: NetName=PumpLeft+/- Pin=VT11-5
Added Pin To Net: NetName=PumpLeft+/- Pin=VT11-6
Added Pin To Net: NetName=PumpLeft+/- Pin=VT11-7
Added Pin To Net: NetName=PumpLeft+/- Pin=VT11-8
Added Pin To Net: NetName=PumpLeft+/- Pin=VT12-5
Added Pin To Net: NetName=PumpLeft+/- Pin=VT12-6
Added Pin To Net: NetName=PumpLeft+/- Pin=VT12-7
Added Pin To Net: NetName=PumpLeft+/- Pin=VT12-8
Added Pin To Net: NetName=PumpLeft+/- Pin=XP6-6
Added Pin To Net: NetName=PumpLeft+/- Pin=XP6-7
Added Pin To Net: NetName=PumpLeft+/- Pin=XP6-8
Added Net: Name=PumpLeft+/-
Added Pin To Net: NetName=PumpLeft-/+ Pin=VD5-2
Added Pin To Net: NetName=PumpLeft-/+ Pin=VD6-1
Added Pin To Net: NetName=PumpLeft-/+ Pin=VT15-5
Added Pin To Net: NetName=PumpLeft-/+ Pin=VT15-6
Added Pin To Net: NetName=PumpLeft-/+ Pin=VT15-7
Added Pin To Net: NetName=PumpLeft-/+ Pin=VT15-8
Added Pin To Net: NetName=PumpLeft-/+ Pin=VT16-5
Added Pin To Net: NetName=PumpLeft-/+ Pin=VT16-6
Added Pin To Net: NetName=PumpLeft-/+ Pin=VT16-7
Added Pin To Net: NetName=PumpLeft-/+ Pin=VT16-8
Added Pin To Net: NetName=PumpLeft-/+ Pin=XP6-18
Added Pin To Net: NetName=PumpLeft-/+ Pin=XP6-19
Added Pin To Net: NetName=PumpLeft-/+ Pin=XP6-20
Added Net: Name=PumpLeft-/+
Added Pin To Net: NetName=PumpLeftGreenLed Pin=R16-1
Added Pin To Net: NetName=PumpLeftGreenLed Pin=XP6-4
Added Net: Name=PumpLeftGreenLed
Added Pin To Net: NetName=PumpLeftGreen Pin=DD1-8
Added Pin To Net: NetName=PumpLeftGreen Pin=R8-2
Added Pin To Net: NetName=PumpLeftGreen Pin=VT4-1
Added Net: Name=PumpLeftGreen
Added Pin To Net: NetName=PumpLeftRedLed Pin=R15-1
Added Pin To Net: NetName=PumpLeftRedLed Pin=XP6-5
Added Net: Name=PumpLeftRedLed
Added Pin To Net: NetName=PumpLeftRed Pin=DD1-9
Added Pin To Net: NetName=PumpLeftRed Pin=R7-2
Added Pin To Net: NetName=PumpLeftRed Pin=VT3-1
Added Net: Name=PumpLeftRed
Added Pin To Net: NetName=PumpRight+/- Pin=VD3-1
Added Pin To Net: NetName=PumpRight+/- Pin=VD4-2
Added Pin To Net: NetName=PumpRight+/- Pin=VT13-5
Added Pin To Net: NetName=PumpRight+/- Pin=VT13-6
Added Pin To Net: NetName=PumpRight+/- Pin=VT13-7
Added Pin To Net: NetName=PumpRight+/- Pin=VT13-8
Added Pin To Net: NetName=PumpRight+/- Pin=VT14-5
Added Pin To Net: NetName=PumpRight+/- Pin=VT14-6
Added Pin To Net: NetName=PumpRight+/- Pin=VT14-7
Added Pin To Net: NetName=PumpRight+/- Pin=VT14-8
Added Pin To Net: NetName=PumpRight+/- Pin=XP6-9
Added Pin To Net: NetName=PumpRight+/- Pin=XP6-10
Added Pin To Net: NetName=PumpRight+/- Pin=XP6-11
Added Net: Name=PumpRight+/-
Added Pin To Net: NetName=PumpRight-/+ Pin=VD7-2
Added Pin To Net: NetName=PumpRight-/+ Pin=VD8-1
Added Pin To Net: NetName=PumpRight-/+ Pin=VT17-5
Added Pin To Net: NetName=PumpRight-/+ Pin=VT17-6
Added Pin To Net: NetName=PumpRight-/+ Pin=VT17-7
Added Pin To Net: NetName=PumpRight-/+ Pin=VT17-8
Added Pin To Net: NetName=PumpRight-/+ Pin=VT18-5
Added Pin To Net: NetName=PumpRight-/+ Pin=VT18-6
Added Pin To Net: NetName=PumpRight-/+ Pin=VT18-7
Added Pin To Net: NetName=PumpRight-/+ Pin=VT18-8
Added Pin To Net: NetName=PumpRight-/+ Pin=XP6-21
Added Pin To Net: NetName=PumpRight-/+ Pin=XP6-22
Added Pin To Net: NetName=PumpRight-/+ Pin=XP6-23
Added Net: Name=PumpRight-/+
Added Pin To Net: NetName=PumpRightGreenLed Pin=R14-1
Added Pin To Net: NetName=PumpRightGreenLed Pin=XP6-16
Added Net: Name=PumpRightGreenLed
Added Pin To Net: NetName=PumpRightGreen Pin=DD1-14
Added Pin To Net: NetName=PumpRightGreen Pin=R6-2
Added Pin To Net: NetName=PumpRightGreen Pin=VT2-1
Added Net: Name=PumpRightGreen
Added Pin To Net: NetName=PumpRightRedLed Pin=R13-1
Added Pin To Net: NetName=PumpRightRedLed Pin=XP6-17
Added Net: Name=PumpRightRedLed
Added Pin To Net: NetName=PumpRightRed Pin=DD1-12
Added Pin To Net: NetName=PumpRightRed Pin=R5-2
Added Pin To Net: NetName=PumpRightRed Pin=VT1-1
Added Net: Name=PumpRightRed
Added Pin To Net: NetName=RevDownLeft Pin=DD6-4
Added Pin To Net: NetName=RevDownLeft Pin=R29-2
Added Pin To Net: NetName=RevDownLeft Pin=VT12-4
Added Net: Name=RevDownLeft
Added Pin To Net: NetName=RevDownRight Pin=DD8-4
Added Pin To Net: NetName=RevDownRight Pin=R33-2
Added Pin To Net: NetName=RevDownRight Pin=R34-1
Added Pin To Net: NetName=RevDownRight Pin=R39-2
Added Pin To Net: NetName=RevDownRight Pin=VD3-2
Added Pin To Net: NetName=RevDownRight Pin=VD8-2
Added Pin To Net: NetName=RevDownRight Pin=VT14-1
Added Pin To Net: NetName=RevDownRight Pin=VT14-2
Added Pin To Net: NetName=RevDownRight Pin=VT14-3
Added Pin To Net: NetName=RevDownRight Pin=VT14-4
Added Pin To Net: NetName=RevDownRight Pin=VT18-2
Added Pin To Net: NetName=RevDownRight Pin=VT18-3
Added Net: Name=RevDownRight
Added Pin To Net: NetName=ReversLeft Pin=DD1-27
Added Pin To Net: NetName=ReversLeft Pin=DD6-1
Added Pin To Net: NetName=ReversLeft Pin=DD6-3
Added Net: Name=ReversLeft
Added Pin To Net: NetName=ReversRight Pin=DD1-25
Added Pin To Net: NetName=ReversRight Pin=DD8-1
Added Pin To Net: NetName=ReversRight Pin=DD8-3
Added Net: Name=ReversRight
Added Pin To Net: NetName=RevUpLeft Pin=DD6-6
Added Pin To Net: NetName=RevUpLeft Pin=R42-2
Added Pin To Net: NetName=RevUpLeft Pin=VT19-1
Added Net: Name=RevUpLeft
Added Pin To Net: NetName=RevUpRight Pin=DD8-6
Added Pin To Net: NetName=RevUpRight Pin=R44-2
Added Pin To Net: NetName=RevUpRight Pin=VT20-1
Added Net: Name=RevUpRight
Added Pin To Net: NetName=SCLLeft Pin=DA2-5
Added Pin To Net: NetName=SCLLeft Pin=DD1-38
Added Pin To Net: NetName=SCLLeft Pin=R20-1
Added Net: Name=SCLLeft
Added Pin To Net: NetName=SCLRight Pin=DA3-5
Added Pin To Net: NetName=SCLRight Pin=DD1-16
Added Pin To Net: NetName=SCLRight Pin=R21-1
Added Net: Name=SCLRight
Added Pin To Net: NetName=SDALeft Pin=DA2-4
Added Pin To Net: NetName=SDALeft Pin=DD1-47
Added Pin To Net: NetName=SDALeft Pin=R23-1
Added Net: Name=SDALeft
Added Pin To Net: NetName=SDARight Pin=DA3-4
Added Pin To Net: NetName=SDARight Pin=DD1-30
Added Pin To Net: NetName=SDARight Pin=R24-1
Added Net: Name=SDARight
Added Pin To Net: NetName=UART RX Pin=DD1-32
Added Pin To Net: NetName=UART RX Pin=XP1-1
Added Net: Name=UART RX
Added Pin To Net: NetName=UART TX Pin=DD1-31
Added Pin To Net: NetName=UART TX Pin=XP3-1
Added Net: Name=UART TX
Added Pin To Net: NetName=USB DN Pin=R4-2
Added Pin To Net: NetName=USB DN Pin=XS1-A7
Added Pin To Net: NetName=USB DN Pin=XS1-B7
Added Net: Name=USB DN
Added Pin To Net: NetName=USB DP Pin=R3-2
Added Pin To Net: NetName=USB DP Pin=XS1-A6
Added Pin To Net: NetName=USB DP Pin=XS1-B6
Added Net: Name=USB DP
Added Class: Name=BKN-3
