Change Component Description : Designator=XS1 Old Description= New Description=DHP8-09F
D-SUB коннектор
Розетка угловая на плату 9 пин. DS1037-09F

Производитель: CONNFLY
Космодром код товара: 00-00040335
Change Component Description : Designator=XP4 Old Description= New Description=DRB-15MA
Imrad Артикул: 201593
Назва виробника: DS1037-15MNAKT74-0CC
Виробник: CONNFLY
Change Component Description : Designator=XS2 Old Description= New Description=MR30PW-FB
Imrad Артикул: 393199
Виробник: AMASS
Наявність: В наявності
Change Component Description : Designator=XP3 Old Description= New Description=MR30PW-M
Imrad Артикул: 393200
Виробник: AMASS
Наявність: В наявності
Change Component Description : Designator=VD2 Old Description= New Description=Диод
SM4007PL-TP
Выпрямители 1A, 1000V 1A, 1000V
На складе ...
Производитель: MCC
Тип корпуса: SOD-123
Космодром код товара: 00-00072425
Change Component Description : Designator=VD1 Old Description= New Description=Производитель: MCC
Тип корпуса: SOD-123
Космодром код товара: 00-00072425
Change Component Description : Designator=R2 Old Description=SMD-резистор (0603) 5,1 kom ±5%
SMD-резистор 0603
SMD-резистор 0603, Номинальная мощность: 0,1 Вт, Номинальное сопротивление: 5,1 кОм, Допустимое отклонение +/- 5% RC0603JR-075K1L

Тип корпуса: RC0603
Производитель: YAGEO
код товара: 00-00033897 New Description=SMD-резистор (0603) 5,1 kom ±5%
SMD-резистор 0603
SMD-резистор 0603, Номинальная мощность: 0,1 Вт, Номинальное сопротивление: 5,1 кОм, Допустимое отклонение +/- 5% RC0603JR-075K1L

Тип корпуса: RC0603
Производитель: YAGEO
Космодром код товара: 00-00033897
Change Component Description : Designator=C6 Old Description=Чіп кераміка (0603) 0,1mkf (X7R) 50v ±10%
SMD-конденсатор 0603
Конденсатор керамический, SMD 0603, номинальная емкость: 100nF, номинальное напряжение: 50V, точность +/-10% CL10B104KB8NNNC

Тип корпуса: CAP0603
Производитель: SAMSUNG
Космодром код товара: 00-00052755 New Description=
Чіп кераміка (0603) 0,1mkf (X7R) 50v ±10%
SMD-конденсатор 0603
Конденсатор керамический, SMD 0603, номинальная емкость: 100nF, номинальное напряжение: 50V, точность +/-10% CL10B104KB8NNNC

Тип корпуса: CAP0603
Производитель: SAMSUNG
Космодром код товара: 00-00052755
Change Component Description : Designator=C7 Old Description=Чіп кераміка (0603) 0,1mkf (X7R) 50v ±10%
SMD-конденсатор 0603
Конденсатор керамический, SMD 0603, номинальная емкость: 100nF, номинальное напряжение: 50V, точность +/-10% CL10B104KB8NNNC

Тип корпуса: CAP0603
Производитель: SAMSUNG
Космодром код товара: 00-00052755 New Description=
Чіп кераміка (0603) 0,1mkf (X7R) 50v ±10%
SMD-конденсатор 0603
Конденсатор керамический, SMD 0603, номинальная емкость: 100nF, номинальное напряжение: 50V, точность +/-10% CL10B104KB8NNNC

Тип корпуса: CAP0603
Производитель: SAMSUNG
Космодром код товара: 00-00052755
Change Component Description : Designator=C10 Old Description=Чіп кераміка (0603) 0,1mkf (X7R) 50v ±10%
SMD-конденсатор 0603
Конденсатор керамический, SMD 0603, номинальная емкость: 100nF, номинальное напряжение: 50V, точность +/-10% CL10B104KB8NNNC

Тип корпуса: CAP0603
Производитель: SAMSUNG
Космодром код товара: 00-00052755 New Description=
Чіп кераміка (0603) 0,1mkf (X7R) 50v ±10%
SMD-конденсатор 0603
Конденсатор керамический, SMD 0603, номинальная емкость: 100nF, номинальное напряжение: 50V, точность +/-10% CL10B104KB8NNNC

Тип корпуса: CAP0603
Производитель: SAMSUNG
Космодром код товара: 00-00052755
Change Component Description : Designator=C11 Old Description=Чіп кераміка (0603) 0,1mkf (X7R) 50v ±10%
SMD-конденсатор 0603
Конденсатор керамический, SMD 0603, номинальная емкость: 100nF, номинальное напряжение: 50V, точность +/-10% CL10B104KB8NNNC

Тип корпуса: CAP0603
Производитель: SAMSUNG
Космодром код товара: 00-00052755 New Description=
Чіп кераміка (0603) 0,1mkf (X7R) 50v ±10%
SMD-конденсатор 0603
Конденсатор керамический, SMD 0603, номинальная емкость: 100nF, номинальное напряжение: 50V, точность +/-10% CL10B104KB8NNNC

Тип корпуса: CAP0603
Производитель: SAMSUNG
Космодром код товара: 00-00052755
Change Component Description : Designator=C12 Old Description=Чіп кераміка (0603) 0,1mkf (X7R) 50v ±10%
SMD-конденсатор 0603
Конденсатор керамический, SMD 0603, номинальная емкость: 100nF, номинальное напряжение: 50V, точность +/-10% CL10B104KB8NNNC

Тип корпуса: CAP0603
Производитель: SAMSUNG
Космодром код товара: 00-00052755 New Description=
Чіп кераміка (0603) 0,1mkf (X7R) 50v ±10%
SMD-конденсатор 0603
Конденсатор керамический, SMD 0603, номинальная емкость: 100nF, номинальное напряжение: 50V, точность +/-10% CL10B104KB8NNNC

Тип корпуса: CAP0603
Производитель: SAMSUNG
Космодром код товара: 00-00052755
Change Component Description : Designator=C13 Old Description=Чіп кераміка (0603) 0,1mkf (X7R) 50v ±10%
SMD-конденсатор 0603
Конденсатор керамический, SMD 0603, номинальная емкость: 100nF, номинальное напряжение: 50V, точность +/-10% CL10B104KB8NNNC

Тип корпуса: CAP0603
Производитель: SAMSUNG
Космодром код товара: 00-00052755 New Description=
Чіп кераміка (0603) 0,1mkf (X7R) 50v ±10%
SMD-конденсатор 0603
Конденсатор керамический, SMD 0603, номинальная емкость: 100nF, номинальное напряжение: 50V, точность +/-10% CL10B104KB8NNNC

Тип корпуса: CAP0603
Производитель: SAMSUNG
Космодром код товара: 00-00052755
Change Component Description : Designator=C14 Old Description=Чіп кераміка (0603) 0,1mkf (X7R) 50v ±10%
SMD-конденсатор 0603
Конденсатор керамический, SMD 0603, номинальная емкость: 100nF, номинальное напряжение: 50V, точность +/-10% CL10B104KB8NNNC

Тип корпуса: CAP0603
Производитель: SAMSUNG
Космодром код товара: 00-00052755 New Description=
Чіп кераміка (0603) 0,1mkf (X7R) 50v ±10%
SMD-конденсатор 0603
Конденсатор керамический, SMD 0603, номинальная емкость: 100nF, номинальное напряжение: 50V, точность +/-10% CL10B104KB8NNNC

Тип корпуса: CAP0603
Производитель: SAMSUNG
Космодром код товара: 00-00052755
Change Component Description : Designator=C15 Old Description=Чіп кераміка (0603) 0,1mkf (X7R) 50v ±10%
SMD-конденсатор 0603
Конденсатор керамический, SMD 0603, номинальная емкость: 100nF, номинальное напряжение: 50V, точность +/-10% CL10B104KB8NNNC

Тип корпуса: CAP0603
Производитель: SAMSUNG
Космодром код товара: 00-00052755 New Description=
Чіп кераміка (0603) 0,1mkf (X7R) 50v ±10%
SMD-конденсатор 0603
Конденсатор керамический, SMD 0603, номинальная емкость: 100nF, номинальное напряжение: 50V, точность +/-10% CL10B104KB8NNNC

Тип корпуса: CAP0603
Производитель: SAMSUNG
Космодром код товара: 00-00052755
Change Component Description : Designator=C16 Old Description=Чіп кераміка (0603) 0,1mkf (X7R) 50v ±10%
SMD-конденсатор 0603
Конденсатор керамический, SMD 0603, номинальная емкость: 100nF, номинальное напряжение: 50V, точность +/-10% CL10B104KB8NNNC

Тип корпуса: CAP0603
Производитель: SAMSUNG
Космодром код товара: 00-00052755 New Description=
Чіп кераміка (0603) 0,1mkf (X7R) 50v ±10%
SMD-конденсатор 0603
Конденсатор керамический, SMD 0603, номинальная емкость: 100nF, номинальное напряжение: 50V, точность +/-10% CL10B104KB8NNNC

Тип корпуса: CAP0603
Производитель: SAMSUNG
Космодром код товара: 00-00052755
Change Component Description : Designator=C17 Old Description=Чіп кераміка (0603) 0,1mkf (X7R) 50v ±10%
SMD-конденсатор 0603
Конденсатор керамический, SMD 0603, номинальная емкость: 100nF, номинальное напряжение: 50V, точность +/-10% CL10B104KB8NNNC

Тип корпуса: CAP0603
Производитель: SAMSUNG
Космодром код товара: 00-00052755 New Description=
Чіп кераміка (0603) 0,1mkf (X7R) 50v ±10%
SMD-конденсатор 0603
Конденсатор керамический, SMD 0603, номинальная емкость: 100nF, номинальное напряжение: 50V, точность +/-10% CL10B104KB8NNNC

Тип корпуса: CAP0603
Производитель: SAMSUNG
Космодром код товара: 00-00052755
Change Component Description : Designator=C18 Old Description=Чіп кераміка (0603) 0,1mkf (X7R) 50v ±10%
SMD-конденсатор 0603
Конденсатор керамический, SMD 0603, номинальная емкость: 100nF, номинальное напряжение: 50V, точность +/-10% CL10B104KB8NNNC

Тип корпуса: CAP0603
Производитель: SAMSUNG
Космодром код товара: 00-00052755 New Description=
Чіп кераміка (0603) 0,1mkf (X7R) 50v ±10%
SMD-конденсатор 0603
Конденсатор керамический, SMD 0603, номинальная емкость: 100nF, номинальное напряжение: 50V, точность +/-10% CL10B104KB8NNNC

Тип корпуса: CAP0603
Производитель: SAMSUNG
Космодром код товара: 00-00052755
Change Component Description : Designator=C21 Old Description=Чіп кераміка (0603) 0,1mkf (X7R) 50v ±10%
SMD-конденсатор 0603
Конденсатор керамический, SMD 0603, номинальная емкость: 100nF, номинальное напряжение: 50V, точность +/-10% CL10B104KB8NNNC

Тип корпуса: CAP0603
Производитель: SAMSUNG
Космодром код товара: 00-00052755 New Description=
Чіп кераміка (0603) 0,1mkf (X7R) 50v ±10%
SMD-конденсатор 0603
Конденсатор керамический, SMD 0603, номинальная емкость: 100nF, номинальное напряжение: 50V, точность +/-10% CL10B104KB8NNNC

Тип корпуса: CAP0603
Производитель: SAMSUNG
Космодром код товара: 00-00052755
Change Component Description : Designator=C22 Old Description=Чіп кераміка (0603) 0,1mkf (X7R) 50v ±10%
SMD-конденсатор 0603
Конденсатор керамический, SMD 0603, номинальная емкость: 100nF, номинальное напряжение: 50V, точность +/-10% CL10B104KB8NNNC

Тип корпуса: CAP0603
Производитель: SAMSUNG
Космодром код товара: 00-00052755 New Description=
Чіп кераміка (0603) 0,1mkf (X7R) 50v ±10%
SMD-конденсатор 0603
Конденсатор керамический, SMD 0603, номинальная емкость: 100nF, номинальное напряжение: 50V, точность +/-10% CL10B104KB8NNNC

Тип корпуса: CAP0603
Производитель: SAMSUNG
Космодром код товара: 00-00052755
Change Component Description : Designator=C23 Old Description=Чіп кераміка (0603) 0,1mkf (X7R) 50v ±10%
SMD-конденсатор 0603
Конденсатор керамический, SMD 0603, номинальная емкость: 100nF, номинальное напряжение: 50V, точность +/-10% CL10B104KB8NNNC

Тип корпуса: CAP0603
Производитель: SAMSUNG
Космодром код товара: 00-00052755 New Description=
Чіп кераміка (0603) 0,1mkf (X7R) 50v ±10%
SMD-конденсатор 0603
Конденсатор керамический, SMD 0603, номинальная емкость: 100nF, номинальное напряжение: 50V, точность +/-10% CL10B104KB8NNNC

Тип корпуса: CAP0603
Производитель: SAMSUNG
Космодром код товара: 00-00052755
Change Component Description : Designator=C24 Old Description=Чіп кераміка (0603) 0,1mkf (X7R) 50v ±10%
SMD-конденсатор 0603
Конденсатор керамический, SMD 0603, номинальная емкость: 100nF, номинальное напряжение: 50V, точность +/-10% CL10B104KB8NNNC

Тип корпуса: CAP0603
Производитель: SAMSUNG
Космодром код товара: 00-00052755 New Description=
Чіп кераміка (0603) 0,1mkf (X7R) 50v ±10%
SMD-конденсатор 0603
Конденсатор керамический, SMD 0603, номинальная емкость: 100nF, номинальное напряжение: 50V, точность +/-10% CL10B104KB8NNNC

Тип корпуса: CAP0603
Производитель: SAMSUNG
Космодром код товара: 00-00052755
Change Component Description : Designator=C8 Old Description=Чіп кераміка (0603) 0,1mkf (X7R) 50v ±10%
SMD-конденсатор 0603
Конденсатор керамический, SMD 0603, номинальная емкость: 100nF, номинальное напряжение: 50V, точность +/-10% CL10B104KB8NNNC

Тип корпуса: CAP0603
Производитель: SAMSUNG
код товара: 00-00052755 New Description=
Чіп кераміка (0603) 0,1mkf (X7R) 50v ±10%
SMD-конденсатор 0603
Конденсатор керамический, SMD 0603, номинальная емкость: 100nF, номинальное напряжение: 50V, точность +/-10% CL10B104KB8NNNC

Тип корпуса: CAP0603
Производитель: SAMSUNG
код товара: 00-00052755
Change Component Description : Designator=C9 Old Description=Чіп кераміка (0603) 0,1mkf (X7R) 50v ±10%
SMD-конденсатор 0603
Конденсатор керамический, SMD 0603, номинальная емкость: 100nF, номинальное напряжение: 50V, точность +/-10% CL10B104KB8NNNC

Тип корпуса: CAP0603
Производитель: SAMSUNG
код товара: 00-00052755 New Description=
Чіп кераміка (0603) 0,1mkf (X7R) 50v ±10%
SMD-конденсатор 0603
Конденсатор керамический, SMD 0603, номинальная емкость: 100nF, номинальное напряжение: 50V, точность +/-10% CL10B104KB8NNNC

Тип корпуса: CAP0603
Производитель: SAMSUNG
код товара: 00-00052755
Added Pin To Net: NetName=RevDownRight Pin=VT18-1
