Change Component Designator: Old Designator=C5 New Designator=C6
Change Component Designator: Old Designator=C6 New Designator=C7
Change Component Designator: Old Designator=C7 New Designator=C8
Change Component Designator: Old Designator=C8 New Designator=C10
Change Component Designator: Old Designator=C9 New Designator=C11
Change Component Designator: Old Designator=C10 New Designator=C12
Change Component Designator: Old Designator=C11 New Designator=C13
Change Component Designator: Old Designator=C12 New Designator=C14
Change Component Designator: Old Designator=C13 New Designator=C15
Change Component Designator: Old Designator=C14 New Designator=C16
Change Component Designator: Old Designator=C15 New Designator=C17
Change Component Designator: Old Designator=C16 New Designator=C18
Change Component Designator: Old Designator=C17 New Designator=C20
Change Component Designator: Old Designator=C18 New Designator=C19
Change Component Designator: Old Designator=C19 New Designator=C21
Change Component Designator: Old Designator=C20 New Designator=C22
Change Component Designator: Old Designator=C21 New Designator=C23
Change Component Designator: Old Designator=C22 New Designator=C24
Change Component Designator: Old Designator=C23 New Designator=C25
Change Component Designator: Old Designator=C24 New Designator=C26
Change Component Designator: Old Designator=C25 New Designator=C27
Change Component Designator: Old Designator=C26 New Designator=C28
Change Component Designator: Old Designator=C? New Designator=C5
Change Component Designator: Old Designator=C? New Designator=C9
Change Component Designator: Old Designator=R41 New Designator=R44
Change Component Designator: Old Designator=R42 New Designator=R41
Change Component Designator: Old Designator=R43 New Designator=R42
Change Component Designator: Old Designator=R44 New Designator=R43
Change Component Designator: Old Designator=VD1 New Designator=VD3
Change Component Designator: Old Designator=VD2 New Designator=VD4
Change Component Designator: Old Designator=VD3 New Designator=VD5
Change Component Designator: Old Designator=VD4 New Designator=VD6
Change Component Designator: Old Designator=VD5 New Designator=VD7
Change Component Designator: Old Designator=VD6 New Designator=VD8
Change Component Designator: Old Designator=VD7 New Designator=VD9
Change Component Designator: Old Designator=VD8 New Designator=VD10
Change Component Designator: Old Designator=VD? New Designator=VD1
Change Component Designator: Old Designator=VD? New Designator=VD2
Change Component Designator: Old Designator=XP2 New Designator=XP1
Change Component Designator: Old Designator=XP5 New Designator=XP2
Change Component Designator: Old Designator=XP? New Designator=XP3
Change Component Designator: Old Designator=XP? New Designator=XP4
Change Component Designator: Old Designator=XS? New Designator=XS1
Change Component Designator: Old Designator=XS? New Designator=XS2
